// Jest Snapshot v1, https://goo.gl/fbAQLP

exports[`AuthReducer LOGIN_SUCCESS should add a user set loggedIn to true in auth state 1`] = `
Object {
  "account": Account {
    "address": undefined,
    "alias": undefined,
    "balance": 0,
    "id": undefined,
    "selected": false,
    "transactions": Array [],
    "type": "offline",
    "unconfirmedBalance": 0,
  },
}
`;

exports[`AuthReducer LOGOUT should logout a user 1`] = `
Object {
  "account": null,
}
`;

exports[`AuthReducer undefined action should return the default state 1`] = `
Object {
  "account": null,
}
`;
