// Jest Snapshot v1, https://goo.gl/fbAQLP

exports[`Login Page should compile 1`] = `
<bc-login-page
  error$={[Function Store]}
  pending$={[Function Store]}
  store={[Function Store]}
>
  <bc-login-form
    ng-reflect-pending="false"
  >
    <div
      class="login"
    >
      <form
        class="login-inner ng-untouched ng-pristine ng-valid"
        novalidate=""
      >
        <img
          class="logo"
          src="../../../public/assets/img/burst_logo.png"
        />
        <span
          class="version"
        >
          
        </span>
        <mat-form-field
          appearance="outline"
          class="mat-form-field ng-tns-c0-0 mat-primary mat-form-field-type-mat-input mat-form-field-appearance-outline mat-form-field-can-float mat-form-field-hide-placeholder ng-untouched ng-pristine ng-valid _mat-animation-noopable"
          ng-reflect-appearance="outline"
        >
          <div
            class="mat-form-field-wrapper"
          >
            <div
              class="mat-form-field-flex"
            >
              
              
              <div
                class="mat-form-field-outline ng-tns-c0-0 ng-star-inserted"
              >
                <div
                  class="mat-form-field-outline-start"
                />
                <div
                  class="mat-form-field-outline-gap"
                />
                <div
                  class="mat-form-field-outline-end"
                />
              </div>
              <div
                class="mat-form-field-outline mat-form-field-outline-thick ng-tns-c0-0 ng-star-inserted"
              >
                <div
                  class="mat-form-field-outline-start"
                />
                <div
                  class="mat-form-field-outline-gap"
                />
                <div
                  class="mat-form-field-outline-end"
                />
              </div>
              
              <div
                class="mat-form-field-infix"
              >
                <input
                  aria-invalid="false"
                  aria-required="true"
                  class="mat-input-element mat-form-field-autofill-control cdk-text-field-autofill-monitored ng-untouched ng-pristine ng-valid"
                  id="mat-input-0"
                  matinput=""
                  name="passphrase"
                  ng-reflect-name="passphrase"
                  ng-reflect-placeholder="Enter passphrase"
                  ng-reflect-required=""
                  ng-reflect-type="password"
                  placeholder="Enter passphrase"
                  required=""
                  type="password"
                />
                <span
                  class="mat-form-field-label-wrapper"
                >
                  
                  <label
                    aria-owns="mat-input-0"
                    class="mat-form-field-label ng-tns-c0-0 mat-empty mat-form-field-empty ng-star-inserted"
                    for="mat-input-0"
                    id="mat-form-field-label-1"
                    ng-reflect-ng-switch="true"
                  >
                    
                    
                    <mat-label
                      class="ng-star-inserted"
                    >
                      Enter passphrase
                    </mat-label>
                    
                    
                    <span
                      aria-hidden="true"
                      class="mat-placeholder-required mat-form-field-required-marker ng-tns-c0-0 ng-star-inserted"
                    >
                      Â *
                    </span>
                  </label>
                </span>
              </div>
              
            </div>
            
            <div
              class="mat-form-field-subscript-wrapper"
              ng-reflect-ng-switch="hint"
            >
              
              
              <div
                class="mat-form-field-hint-wrapper ng-tns-c0-0 ng-trigger ng-trigger-transitionMessages ng-star-inserted"
                style="opacity:1;transform:translateY(0%);0:opacity;1:transform;"
              >
                
                <div
                  class="mat-form-field-hint-spacer"
                />
              </div>
            </div>
          </div>
        </mat-form-field>
        <button
          aria-label="Submit"
          disabled=""
          mat-button=""
        >
          Submit
        </button>
      </form>
    </div>
  </bc-login-form>
</bc-login-page>
`;
